app/search/flows/next-page-viewer-search.test.ts
ppl/detail/flows/fetch.test.ts
ppl/detail/flows/get-correlation-query.test.ts
src/js/brim/program.test.ts
src/js/components/RightPane.test.tsx
src/js/electron/menu/actions/detailActions.ts
src/js/electron/menu/actions/searchActions.ts
src/js/flows/rightclick/cellMenu.test.ts
src/js/models/TableColumns.ts
src/js/searches/programs.test.ts
src/js/state/Chart/test.ts
src/js/state/Columns/models/columnSet.ts
src/js/state/Columns/selectors.ts
src/js/state/Columns/touch.test.ts
src/js/state/Columns/touch.ts
src/js/state/LogDetails/test.ts
src/js/state/SearchBar/test.ts
src/js/state/Viewer/reducer.ts
src/js/state/Viewer/test.ts
zealot/fetcher/records_callback.ts
