// Jest Snapshot v1, https://goo.gl/fbAQLP

exports[`coverts to an array of records 1`] = `
Array [
  Array [
    Object {
      "name": "ts",
      "type": "time",
      "value": "1428917670.000000000",
    },
    Object {
      "name": "_path",
      "type": "string",
      "value": "dns",
    },
    Object {
      "name": "count",
      "type": "count",
      "value": "2",
    },
  ],
  Array [
    Object {
      "name": "ts",
      "type": "time",
      "value": "1428917670.000000000",
    },
    Object {
      "name": "_path",
      "type": "string",
      "value": "conn",
    },
    Object {
      "name": "count",
      "type": "count",
      "value": "3",
    },
  ],
  Array [
    Object {
      "name": "ts",
      "type": "time",
      "value": "1428917670.000000000",
    },
    Object {
      "name": "_path",
      "type": "string",
      "value": "capture_loss",
    },
    Object {
      "name": "count",
      "type": "count",
      "value": "1",
    },
  ],
  Array [
    Object {
      "name": "ts",
      "type": "time",
      "value": "1428917640.000000000",
    },
    Object {
      "name": "_path",
      "type": "string",
      "value": "conn",
    },
    Object {
      "name": "count",
      "type": "count",
      "value": "1",
    },
  ],
]
`;
