// Jest Snapshot v1, https://goo.gl/fbAQLP

exports[`table search populates the chart 1`] = `
Object {
  "keys": Array [
    "capture_loss",
    "conn",
    "files",
    "x509",
    "ssl",
    "dns",
    "weird",
    "stats",
  ],
  "table": Object {
    "1582646585000": Object {
      "conn": 1,
      "stats": 1,
    },
    "1582646586000": Object {
      "conn": 1,
      "weird": 1,
    },
    "1582646587000": Object {
      "conn": 2,
    },
    "1582646588000": Object {
      "conn": 5,
    },
    "1582646589000": Object {
      "conn": 1,
    },
    "1582646590000": Object {
      "conn": 2,
    },
    "1582646591000": Object {
      "conn": 1,
      "dns": 1,
    },
    "1582646592000": Object {
      "conn": 1,
    },
    "1582646593000": Object {
      "conn": 2,
      "dns": 1,
    },
    "1582646594000": Object {
      "files": 4,
      "ssl": 1,
      "x509": 1,
    },
    "1582646595000": Object {
      "conn": 3,
    },
    "1582646597000": Object {
      "capture_loss": 1,
    },
  },
}
`;

exports[`table search sets the Columns columns 1`] = `
Object {
  "7247fae6fe9d9e9087c6394e7aba3004": Object {
    "AA:bool": Object {
      "isVisible": true,
    },
    "RA:bool": Object {
      "isVisible": true,
    },
    "RD:bool": Object {
      "isVisible": true,
    },
    "TC:bool": Object {
      "isVisible": true,
    },
    "TTLs:array": Object {
      "isVisible": true,
    },
    "Z:count": Object {
      "isVisible": true,
    },
    "_path:string": Object {
      "isVisible": true,
    },
    "answers:array": Object {
      "isVisible": true,
    },
    "id.orig_h:addr": Object {
      "isVisible": true,
    },
    "id.orig_p:port": Object {
      "isVisible": true,
    },
    "id.resp_h:addr": Object {
      "isVisible": true,
    },
    "id.resp_p:port": Object {
      "isVisible": true,
    },
    "proto:enum": Object {
      "isVisible": true,
    },
    "qclass:count": Object {
      "isVisible": true,
    },
    "qclass_name:string": Object {
      "isVisible": true,
    },
    "qtype:count": Object {
      "isVisible": true,
    },
    "qtype_name:string": Object {
      "isVisible": true,
    },
    "query:string": Object {
      "isVisible": true,
    },
    "rcode:count": Object {
      "isVisible": true,
    },
    "rcode_name:string": Object {
      "isVisible": true,
    },
    "rejected:bool": Object {
      "isVisible": true,
    },
    "rtt:interval": Object {
      "isVisible": true,
    },
    "trans_id:count": Object {
      "isVisible": true,
    },
    "ts:time": Object {
      "isVisible": true,
    },
    "uid:string": Object {
      "isVisible": true,
    },
  },
}
`;

exports[`table search sets the viewer columns 1`] = `
Object {
  "7247fae6fe9d9e9087c6394e7aba3004": Schema {
    "columns": Array [
      Object {
        "name": "_path",
        "type": "string",
      },
      Object {
        "name": "ts",
        "type": "time",
      },
      Object {
        "name": "uid",
        "type": "string",
      },
      Object {
        "name": "id",
        "of": Array [
          Object {
            "name": "orig_h",
            "type": "addr",
          },
          Object {
            "name": "orig_p",
            "type": "port",
          },
          Object {
            "name": "resp_h",
            "type": "addr",
          },
          Object {
            "name": "resp_p",
            "type": "port",
          },
        ],
        "type": "record",
      },
      Object {
        "name": "proto",
        "type": "enum",
      },
      Object {
        "name": "trans_id",
        "type": "count",
      },
      Object {
        "name": "rtt",
        "type": "interval",
      },
      Object {
        "name": "query",
        "type": "string",
      },
      Object {
        "name": "qclass",
        "type": "count",
      },
      Object {
        "name": "qclass_name",
        "type": "string",
      },
      Object {
        "name": "qtype",
        "type": "count",
      },
      Object {
        "name": "qtype_name",
        "type": "string",
      },
      Object {
        "name": "rcode",
        "type": "count",
      },
      Object {
        "name": "rcode_name",
        "type": "string",
      },
      Object {
        "name": "AA",
        "type": "bool",
      },
      Object {
        "name": "TC",
        "type": "bool",
      },
      Object {
        "name": "RD",
        "type": "bool",
      },
      Object {
        "name": "RA",
        "type": "bool",
      },
      Object {
        "name": "Z",
        "type": "count",
      },
      Object {
        "name": "answers",
        "of": "string",
        "type": "array",
      },
      Object {
        "name": "TTLs",
        "of": "interval",
        "type": "array",
      },
      Object {
        "name": "rejected",
        "type": "bool",
      },
    ],
  },
}
`;
