// Jest Snapshot v1, https://goo.gl/fbAQLP

exports[`happy response sets the Columns columns 1`] = `
Object {
  "2051e8f0746c0b2508aa62610c0b9973": Object {
    "_log:zfile": Object {
      "isVisible": true,
    },
    "count:count": Object {
      "isVisible": true,
    },
    "key:addr": Object {
      "isVisible": true,
    },
  },
}
`;

exports[`happy response sets the viewer columns 1`] = `
Object {
  "2051e8f0746c0b2508aa62610c0b9973": Schema {
    "columns": Array [
      Object {
        "name": "key",
        "type": "addr",
      },
      Object {
        "name": "count",
        "type": "count",
      },
      Object {
        "name": "_log",
        "type": "zfile",
      },
    ],
  },
}
`;
