// Jest Snapshot v1, https://goo.gl/fbAQLP

exports[`Application launch histogram deep inspection 1`] = `
Array [
  "capture_loss-bg-color",
  "conn-bg-color",
  "dhcp-bg-color",
  "dns-bg-color",
  "files-bg-color",
  "http-bg-color",
  "notice-bg-color",
  "software-bg-color",
  "ssl-bg-color",
  "stats-bg-color",
  "weird-bg-color",
  "x509-bg-color",
]
`;
