// Jest Snapshot v1, https://goo.gl/fbAQLP

exports[`Application launch histogram deep inspection 1`] = `
Array [
  "capture_loss-bg-color",
  "conn-bg-color",
  "dhcp-bg-color",
  "dns-bg-color",
  "files-bg-color",
  "http-bg-color",
  "notice-bg-color",
  "software-bg-color",
  "ssl-bg-color",
  "stats-bg-color",
  "weird-bg-color",
  "x509-bg-color",
]
`;

exports[`Application launch query _path=http | count() by id.resp_p | sort 1`] = `
Array [
  "id.resp_p",
  "count",
  "8080",
  "6",
  "80",
  "55",
]
`;

exports[`Application launch query _path=http | every 5m count() 1`] = `
Array [
  "ts",
  "count",
  "04/13/15",
  "09:30",
  "00.0000",
  "55",
  "04/13/15",
  "09:25",
  "00.0000",
  "2",
  "04/13/15",
  "09:10",
  "00.0000",
  "2",
  "04/13/15",
  "09:05",
  "00.0000",
  "2",
]
`;

exports[`Application launch query path=_http | count() 1`] = `
Array [
  "count",
  "61",
]
`;

exports[`Application launch query path=weird | sort 1`] = `
Array [
  "ts",
  "_path",
  "uid",
  "id.orig_h",
  "id.orig_p",
  "id.resp_h",
  "id.resp_p",
  "name",
  "addl",
  "notice",
  "peer",
  "04/13/15",
  "09:31",
  "27.8210",
  "weird",
  "CbtgYm2YYGmfYsyaC4",
  "192.168.0.54",
  "53147",
  "216.58.209.134",
  "80",
  "inflate_failed",
  "-",
  "F",
  "bro",
  "04/13/15",
  "09:31",
  "51.9870",
  "weird",
  "-",
  "-",
  "-",
  "-",
  "-",
  "unknown_protocol_2",
  "-",
  "F",
  "bro",
  "04/13/15",
  "09:32",
  "45.1220",
  "weird",
  "Ctd0Gv1XC3Z0UV1iX",
  "192.168.0.53",
  "3682",
  "192.168.0.1",
  "8080",
  "unknown_HTTP_method",
  "UNSUBSCRIBE",
  "F",
  "bro",
  "04/13/15",
  "09:32",
  "45.1400",
  "weird",
  "CZehjU3zE0mxEXiC41",
  "192.168.0.53",
  "3683",
  "192.168.0.1",
  "8080",
  "unknown_HTTP_method",
  "UNSUBSCRIBE",
  "F",
  "bro",
]
`;
