// Jest Snapshot v1, https://goo.gl/fbAQLP

exports[`populates the chart 1`] = `
Object {
  "keys": Array [
    "capture_loss",
    "conn",
    "x509",
    "ssl",
    "files",
    "dns",
    "weird",
    "stats",
  ],
  "table": Object {
    "NaN": Object {
      "capture_loss": 1,
      "conn": 3,
      "dns": 1,
      "files": 4,
      "ssl": 1,
      "stats": 1,
      "weird": 1,
      "x509": 1,
    },
  },
}
`;
