// Jest Snapshot v1, https://goo.gl/fbAQLP

exports[`a normal response sets the Columns columns 1`] = `
Object {
  "28": Object {
    "AA:bool": Object {
      "isVisible": true,
    },
    "RA:bool": Object {
      "isVisible": true,
    },
    "RD:bool": Object {
      "isVisible": true,
    },
    "TC:bool": Object {
      "isVisible": true,
    },
    "TTLs:27": Object {
      "isVisible": true,
    },
    "Z:uint64": Object {
      "isVisible": true,
    },
    "_path:string": Object {
      "isVisible": true,
    },
    "answers:26": Object {
      "isVisible": true,
    },
    "id.orig_h:ip": Object {
      "isVisible": true,
    },
    "id.orig_p:uint16": Object {
      "isVisible": true,
    },
    "id.resp_h:ip": Object {
      "isVisible": true,
    },
    "id.resp_p:uint16": Object {
      "isVisible": true,
    },
    "proto:string": Object {
      "isVisible": true,
    },
    "qclass:uint64": Object {
      "isVisible": true,
    },
    "qclass_name:bstring": Object {
      "isVisible": true,
    },
    "qtype:uint64": Object {
      "isVisible": true,
    },
    "qtype_name:bstring": Object {
      "isVisible": true,
    },
    "query:bstring": Object {
      "isVisible": true,
    },
    "rcode:uint64": Object {
      "isVisible": true,
    },
    "rcode_name:bstring": Object {
      "isVisible": true,
    },
    "rejected:bool": Object {
      "isVisible": true,
    },
    "rtt:duration": Object {
      "isVisible": true,
    },
    "trans_id:uint64": Object {
      "isVisible": true,
    },
    "ts:time": Object {
      "isVisible": true,
    },
    "uid:bstring": Object {
      "isVisible": true,
    },
  },
}
`;

exports[`a normal response sets the viewer columns 1`] = `
Object {
  "28": Schema {
    "name": "28",
    "type": TypeRecord {
      "fields": Array [
        Object {
          "name": "_path",
          "type": TypeOfString {
            "kind": "primitive",
            "name": "string",
          },
        },
        Object {
          "name": "ts",
          "type": TypeOfTime {
            "kind": "primitive",
            "name": "time",
          },
        },
        Object {
          "name": "uid",
          "type": TypeOfBString {
            "kind": "primitive",
            "name": "bstring",
          },
        },
        Object {
          "name": "id",
          "type": TypeRecord {
            "fields": Array [
              Object {
                "name": "orig_h",
                "type": TypeOfIp {
                  "kind": "primitive",
                  "name": "ip",
                },
              },
              Object {
                "name": "orig_p",
                "type": TypeAlias {
                  "id": 23,
                  "kind": "alias",
                  "name": "port",
                  "type": TypeOfUint16 {
                    "kind": "primitive",
                    "name": "uint16",
                  },
                },
              },
              Object {
                "name": "resp_h",
                "type": TypeOfIp {
                  "kind": "primitive",
                  "name": "ip",
                },
              },
              Object {
                "name": "resp_p",
                "type": TypeAlias {
                  "id": 23,
                  "kind": "alias",
                  "name": "port",
                  "type": TypeOfUint16 {
                    "kind": "primitive",
                    "name": "uint16",
                  },
                },
              },
            ],
            "id": 24,
            "kind": "record",
          },
        },
        Object {
          "name": "proto",
          "type": TypeAlias {
            "id": 25,
            "kind": "alias",
            "name": "zenum",
            "type": TypeOfString {
              "kind": "primitive",
              "name": "string",
            },
          },
        },
        Object {
          "name": "trans_id",
          "type": TypeOfUint64 {
            "kind": "primitive",
            "name": "uint64",
          },
        },
        Object {
          "name": "rtt",
          "type": TypeOfDuration {
            "kind": "primitive",
            "name": "duration",
          },
        },
        Object {
          "name": "query",
          "type": TypeOfBString {
            "kind": "primitive",
            "name": "bstring",
          },
        },
        Object {
          "name": "qclass",
          "type": TypeOfUint64 {
            "kind": "primitive",
            "name": "uint64",
          },
        },
        Object {
          "name": "qclass_name",
          "type": TypeOfBString {
            "kind": "primitive",
            "name": "bstring",
          },
        },
        Object {
          "name": "qtype",
          "type": TypeOfUint64 {
            "kind": "primitive",
            "name": "uint64",
          },
        },
        Object {
          "name": "qtype_name",
          "type": TypeOfBString {
            "kind": "primitive",
            "name": "bstring",
          },
        },
        Object {
          "name": "rcode",
          "type": TypeOfUint64 {
            "kind": "primitive",
            "name": "uint64",
          },
        },
        Object {
          "name": "rcode_name",
          "type": TypeOfBString {
            "kind": "primitive",
            "name": "bstring",
          },
        },
        Object {
          "name": "AA",
          "type": TypeOfBool {
            "kind": "primitive",
            "name": "bool",
          },
        },
        Object {
          "name": "TC",
          "type": TypeOfBool {
            "kind": "primitive",
            "name": "bool",
          },
        },
        Object {
          "name": "RD",
          "type": TypeOfBool {
            "kind": "primitive",
            "name": "bool",
          },
        },
        Object {
          "name": "RA",
          "type": TypeOfBool {
            "kind": "primitive",
            "name": "bool",
          },
        },
        Object {
          "name": "Z",
          "type": TypeOfUint64 {
            "kind": "primitive",
            "name": "uint64",
          },
        },
        Object {
          "name": "answers",
          "type": TypeArray {
            "id": 26,
            "kind": "array",
            "type": TypeOfBString {
              "kind": "primitive",
              "name": "bstring",
            },
          },
        },
        Object {
          "name": "TTLs",
          "type": TypeArray {
            "id": 27,
            "kind": "array",
            "type": TypeOfDuration {
              "kind": "primitive",
              "name": "duration",
            },
          },
        },
        Object {
          "name": "rejected",
          "type": TypeOfBool {
            "kind": "primitive",
            "name": "bool",
          },
        },
      ],
      "id": 28,
      "kind": "record",
    },
  },
}
`;
