// Jest Snapshot v1, https://goo.gl/fbAQLP

exports[`basic snapshot 1`] = `
ShallowWrapper {
  "length": 1,
  Symbol(enzyme.__root__): [Circular],
  Symbol(enzyme.__unrendered__): <LogCellActions
    field={
      Field {
        "name": "_path",
        "type": "string",
        "value": "conn",
      }
    }
    onClose={[Function]}
    style={
      Object {
        "left": 1,
        "top": 1,
      }
    }
  />,
  Symbol(enzyme.__renderer__): Object {
    "batchedUpdates": [Function],
    "getNode": [Function],
    "render": [Function],
    "simulateEvent": [Function],
    "unmount": [Function],
  },
  Symbol(enzyme.__node__): Object {
    "instance": null,
    "key": undefined,
    "nodeType": "class",
    "props": Object {
      "children": Array [
        <MenuItem
          onClick={[Function]}
        >
          Filter out these values
        </MenuItem>,
        <MenuItem
          onClick={[Function]}
        >
          Only show these values
        </MenuItem>,
        <MenuItem
          onClick={[Function]}
        >
          Count by this field
        </MenuItem>,
      ],
      "onOutsideClick": [Function],
      "style": Object {
        "left": 1,
        "top": 1,
      },
    },
    "ref": null,
    "rendered": Array [
      Object {
        "instance": null,
        "key": "Filter out these values",
        "nodeType": "function",
        "props": Object {
          "children": "Filter out these values",
          "onClick": [Function],
        },
        "ref": null,
        "rendered": "Filter out these values",
        "type": [Function],
      },
      Object {
        "instance": null,
        "key": "Only show these values",
        "nodeType": "function",
        "props": Object {
          "children": "Only show these values",
          "onClick": [Function],
        },
        "ref": null,
        "rendered": "Only show these values",
        "type": [Function],
      },
      Object {
        "instance": null,
        "key": "Count by this field",
        "nodeType": "function",
        "props": Object {
          "children": "Count by this field",
          "onClick": [Function],
        },
        "ref": null,
        "rendered": "Count by this field",
        "type": [Function],
      },
    ],
    "type": [Function],
  },
  Symbol(enzyme.__nodes__): Array [
    Object {
      "instance": null,
      "key": undefined,
      "nodeType": "class",
      "props": Object {
        "children": Array [
          <MenuItem
            onClick={[Function]}
          >
            Filter out these values
          </MenuItem>,
          <MenuItem
            onClick={[Function]}
          >
            Only show these values
          </MenuItem>,
          <MenuItem
            onClick={[Function]}
          >
            Count by this field
          </MenuItem>,
        ],
        "onOutsideClick": [Function],
        "style": Object {
          "left": 1,
          "top": 1,
        },
      },
      "ref": null,
      "rendered": Array [
        Object {
          "instance": null,
          "key": "Filter out these values",
          "nodeType": "function",
          "props": Object {
            "children": "Filter out these values",
            "onClick": [Function],
          },
          "ref": null,
          "rendered": "Filter out these values",
          "type": [Function],
        },
        Object {
          "instance": null,
          "key": "Only show these values",
          "nodeType": "function",
          "props": Object {
            "children": "Only show these values",
            "onClick": [Function],
          },
          "ref": null,
          "rendered": "Only show these values",
          "type": [Function],
        },
        Object {
          "instance": null,
          "key": "Count by this field",
          "nodeType": "function",
          "props": Object {
            "children": "Count by this field",
            "onClick": [Function],
          },
          "ref": null,
          "rendered": "Count by this field",
          "type": [Function],
        },
      ],
      "type": [Function],
    },
  ],
  Symbol(enzyme.__options__): Object {
    "adapter": ReactSixteenAdapter {
      "options": Object {
        "enableComponentDidUpdateOnSetState": true,
      },
    },
  },
}
`;
