// Jest Snapshot v1, https://goo.gl/fbAQLP

exports[`shapshot 1`] = `
<div
  className="uid-waterfall"
>
  <div
    className="waterfall-row"
    key="0"
    onClick={[Function]}
  >
    <div
      className="ts-label"
    >
      19:20:54.369
    </div>
    <div
      className="slider"
    >
      <div
        className="line"
      />
      <span
        className="path-tag conn-bg-color current"
        style={
          Object {
            "left": "100%",
          }
        }
      >
        conn
      </span>
    </div>
  </div>
  <div
    className="waterfall-row"
    key="1"
    onClick={[Function]}
  >
    <div
      className="ts-label"
    >
      06:25:14.419
    </div>
    <div
      className="slider"
    >
      <div
        className="line"
      />
      <span
        className="path-tag dns-bg-color "
        style={
          Object {
            "left": "0%",
          }
        }
      >
        dns
      </span>
    </div>
  </div>
  <div
    className="waterfall-row"
    key="2"
    onClick={[Function]}
  >
    <div
      className="ts-label"
    >
      06:50:42.047
    </div>
    <div
      className="slider"
    >
      <div
        className="line"
      />
      <span
        className="path-tag http-bg-color "
        style={
          Object {
            "left": "3.2824014636887235%",
          }
        }
      >
        http
      </span>
    </div>
  </div>
  <p
    className="duration"
  >
    Duration: 
    46539.95
    s
  </p>
</div>
`;
